
lenny@DESKTOP-MOSIIB4 MINGW64 ~/Desktop/coding/projects/league of legends
$ git status
fatal: not a git repository (or any of the parent directories): .git

lenny@DESKTOP-MOSIIB4 MINGW64 ~/Desktop/coding/projects/league of legends
$ git init
Initialized empty Git repository in C:/Users/lenny/Desktop/coding/projects/league of legends/.git/

lenny@DESKTOP-MOSIIB4 MINGW64 ~/Desktop/coding/projects/league of legends (master)
$ git sttus
git: 'sttus' is not a git command. See 'git --help'.

The most similar command is
        status

lenny@DESKTOP-MOSIIB4 MINGW64 ~/Desktop/coding/projects/league of legends (master)
$ git status
On branch master

No commits yet

Untracked files:
  (use "git add <file>..." to include in what will be committed)

        header tabs/
        index.html
        photos/
        plan.txt
        stylesheet.css
        videos/

nothing added to commit but untracked files present (use "git add" to track)

lenny@DESKTOP-MOSIIB4 MINGW64 ~/Desktop/coding/projects/league of legends (master)
$ git add .
lenny@DESKTOP-MOSIIB4 MINGW64 ~/Desktop/coding/projects/league of legends (master)
$ git commit -m "upload files to init repo"
[master (root-commit) 6731c09] upload files to init repo
 34 files changed, 18998 insertions(+)
 create mode 100644 header tabs/Characters.html
 create mode 100644 header tabs/Merchandise.html
 create mode 100644 header tabs/blog.html
 create mode 100644 header tabs/blog.txt
 create mode 100644 header tabs/carousel.html
 create mode 100644 header tabs/store.js
 create mode 100644 header tabs/stylesheetC.css
 create mode 100644 header tabs/stylesheetM.css
 create mode 100644 index.html
 create mode 100644 photos/Aatrox logo.png
 create mode 100644 photos/Facebook_icon.png
 create mode 100644 photos/Facebook_icon1.png
 create mode 100644 photos/Merchandise1.png
 create mode 100644 photos/Merchandise2.png
 create mode 100644 photos/Merchandise3.png
 create mode 100644 photos/Merchandise4.png
 create mode 100644 photos/Merchandise5.png
 create mode 100644 photos/Merchandise6.png
 create mode 100644 photos/Merchandise7.png
 create mode 100644 photos/Merchandise8.png
 create mode 100644 photos/asd.jpg
 create mode 100644 photos/background.jpg
 create mode 100644 photos/favicon.ico
 create mode 100644 photos/fbicon.png
 create mode 100644 photos/homeicon.png
 create mode 100644 photos/homeicon2.png
 create mode 100644 photos/logo.png
 create mode 100644 photos/me.jpg
 create mode 100644 photos/pic1.jpeg
 create mode 100644 photos/pic2.jpg
 create mode 100644 plan.txt
 create mode 100644 stylesheet.css
 create mode 100644 videos/4K A Trip into The Nebula's Core 2160p Background - 10Youtube.com.mp4
 create mode 100644 videos/4K Magical Ground 2160p Beautiful Animated Wallpaper HD Background video effect 1080p - 10Youtube.com.mp4

lenny@DESKTOP-MOSIIB4 MINGW64 ~/Desktop/coding/projects/league of legends (master)
$ git status
On branch master
Changes not staged for commit:
  (use "git add <file>..." to update what will be committed)
  (use "git checkout -- <file>..." to discard changes in working directory)

        modified:   index.html

no changes added to commit (use "git add" and/or "git commit -a")

lenny@DESKTOP-MOSIIB4 MINGW64 ~/Desktop/coding/projects/league of legends (master)
$ git checkout -- index.html

lenny@DESKTOP-MOSIIB4 MINGW64 ~/Desktop/coding/projects/league of legends (master)
$ git commit -am "made a change to the nav bar"
[master 98f0a7a] made a change to the nav bar
 1 file changed, 2 insertions(+), 1 deletion(-)

lenny@DESKTOP-MOSIIB4 MINGW64 ~/Desktop/coding/projects/league of legends (master)
$ git status
On branch master
nothing to commit, working tree clean

lenny@DESKTOP-MOSIIB4 MINGW64 ~/Desktop/coding/projects/league of legends (master)
$ git log
commit 98f0a7aef7b7c2426c4fd5ae84ef3119853bc573 (HEAD -> master)
Author: Len Jack Suzuki-Layhe <48634283+lenlearnscoding@users.noreply.github.com>
Date:   Thu Apr 4 18:09:16 2019 +0100

    made a change to the nav bar

commit 6731c0991b66afd91a6f37c2d76f1fe3783e86d5
Author: Len Jack Suzuki-Layhe <48634283+lenlearnscoding@users.noreply.github.com>
Date:   Thu Apr 4 17:49:09 2019 +0100

    upload files to init repo

lenny@DESKTOP-MOSIIB4 MINGW64 ~/Desktop/coding/projects/league of legends (master)
$ git commit -am "added another item to the nav bar which i want to delete in the next command"
[master 9eb51de] added another item to the nav bar which i want to delete in the next command
 1 file changed, 1 insertion(+)

lenny@DESKTOP-MOSIIB4 MINGW64 ~/Desktop/coding/projects/league of legends (master)
$ git log
commit 9eb51de4e4efcf23998bc86d5fdcc228d2f085cb (HEAD -> master)
Author: Len Jack Suzuki-Layhe <48634283+lenlearnscoding@users.noreply.github.com>
Date:   Thu Apr 4 18:12:08 2019 +0100

    added another item to the nav bar which i want to delete in the next command

commit 98f0a7aef7b7c2426c4fd5ae84ef3119853bc573
Author: Len Jack Suzuki-Layhe <48634283+lenlearnscoding@users.noreply.github.com>
Date:   Thu Apr 4 18:09:16 2019 +0100

    made a change to the nav bar

commit 6731c0991b66afd91a6f37c2d76f1fe3783e86d5
Author: Len Jack Suzuki-Layhe <48634283+lenlearnscoding@users.noreply.github.com>
Date:   Thu Apr 4 17:49:09 2019 +0100

    upload files to init repo

lenny@DESKTOP-MOSIIB4 MINGW64 ~/Desktop/coding/projects/league of legends (master)
$ git checkout 6731c0 -- index.html

lenny@DESKTOP-MOSIIB4 MINGW64 ~/Desktop/coding/projects/league of legends (master)
$ git status
On branch master
Changes to be committed:
  (use "git reset HEAD <file>..." to unstage)

        modified:   index.html


lenny@DESKTOP-MOSIIB4 MINGW64 ~/Desktop/coding/projects/league of legends (master)
$ git commit -am "removing the two pointless navbar insertions"
[master 367b2ad] removing the two pointless navbar insertions
 1 file changed, 1 insertion(+), 3 deletions(-)

lenny@DESKTOP-MOSIIB4 MINGW64 ~/Desktop/coding/projects/league of legends (master)
$ git log
commit 367b2ada64c03937671c0ed72beadb3ea58bfb34 (HEAD -> master)
Author: Len Jack Suzuki-Layhe <48634283+lenlearnscoding@users.noreply.github.com>
Date:   Thu Apr 4 18:16:05 2019 +0100

    removing the two pointless navbar insertions

commit 9eb51de4e4efcf23998bc86d5fdcc228d2f085cb
Author: Len Jack Suzuki-Layhe <48634283+lenlearnscoding@users.noreply.github.com>
Date:   Thu Apr 4 18:12:08 2019 +0100

    added another item to the nav bar which i want to delete in the next command

commit 98f0a7aef7b7c2426c4fd5ae84ef3119853bc573
Author: Len Jack Suzuki-Layhe <48634283+lenlearnscoding@users.noreply.github.com>
Date:   Thu Apr 4 18:09:16 2019 +0100

    made a change to the nav bar

commit 6731c0991b66afd91a6f37c2d76f1fe3783e86d5
Author: Len Jack Suzuki-Layhe <48634283+lenlearnscoding@users.noreply.github.com>
Date:   Thu Apr 4 17:49:09 2019 +0100

    upload files to init repo

lenny@DESKTOP-MOSIIB4 MINGW64 ~/Desktop/coding/projects/league of legends (master)
$ git status
On branch master
nothing to commit, working tree clean
lenny@DESKTOP-MOSIIB4 MINGW64 ~/Desktop/coding/projects/league of legends (master)
$ git remote add githubrepo https://github.com/lenlearnscoding/MyFirstDemoProject.git
fatal: remote githubrepo already exists.

lenny@DESKTOP-MOSIIB4 MINGW64 ~/Desktop/coding/projects/league of legends (master)
$ git remote
githubrepo

lenny@DESKTOP-MOSIIB4 MINGW64 ~/Desktop/coding/projects/league of legends (master)
$ git push -u githubrepo master
remote: Repository not found.
fatal: repository 'https://github.com/lenlearnscoding/MyFirstProject.git/' not found

lenny@DESKTOP-MOSIIB4 MINGW64 ~/Desktop/coding/projects/league of legends (master)
$ git push -u githubrepo master
Enumerating objects: 45, done.
Counting objects: 100% (45/45), done.
Delta compression using up to 4 threads
Compressing objects: 100% (45/45), done.
Writing objects: 100% (45/45), 37.22 MiB | 1.68 MiB/s, done.
Total 45 (delta 7), reused 0 (delta 0)
remote: Resolving deltas: 100% (7/7), done.
To https://github.com/lenlearnscoding/MyFirstDemoProject.git
 * [new branch]      master -> master
Branch 'master' set up to track remote branch 'master' from 'githubrepo'.

